ARGS: 
Namespace(training_log_name='big_dictionary', faiss_index_name='IndexHNSWFlat', encoder_model_name='dmis-lab/biobert-base-cased-v1.1', train_batch_size=16, weight_decay=0.01, topk=10, learning_rate=0.0001, num_workers=24, build_faiss_batch_size=10000, num_epochs=10, search_faiss_batch_size=10000, loss_type='info_nce_loss', save_debug_pkls=False, skip_train=False, skip_eval=False, encoder_to_eval=None)

"training_log_name": "big_dictionary", "queries size": 49410, "dictionary size": 4263543, "finished time": "0h, 7mins, 13secs", "log details file": "./logs/log_2_2025-10-19_21-05-34.log", "epochs": 10, "acc@5": 0.0, "mrr": 0.0, "encoder dir": "./output/encoder_2/"


[train-Classes loaded]  | elapsed time: 0.27316seconds  | CPU Memory usage: 887.8MB  | GPU memory total/free: 24091.8/23231.6MB | CUDA: allocated/peak: 413.7/413.7MB, reserved/peak 468.0/468.0MB
Starting training..
USING IndexHNSWFlat index
Training clusters finsihed 

[train-FAISS index built finished  ]  | elapsed time: 698.68622seconds  | CPU Memory usage: 1395.6MB  | GPU memory total/free: 24091.8/21361.6MB | CUDA: allocated/peak: 421.8/8504.8MB, reserved/peak 468.0/13666.0MB

[train-Search in faiss ]  | elapsed time: 8.05379seconds  | CPU Memory usage: 1524.1MB  | GPU memory total/free: 24091.8/8161.6MB | CUDA: allocated/peak: 421.8/8506.0MB, reserved/peak 13668.0/13668.0MB

[train-Data loader loadeed: ]  | elapsed time: 0.00207seconds  | CPU Memory usage: 1524.1MB  | GPU memory total/free: 24091.8/8161.6MB | CUDA: allocated/peak: 421.8/8506.0MB, reserved/peak 13668.0/13668.0MB

[train-Epoch finished training]  | elapsed time: 434.09567seconds  | CPU Memory usage: 1771.1MB  | GPU memory total/free: 24091.8/8033.6MB | CUDA: allocated/peak: 1670.4/8506.0MB, reserved/peak 13780.0/13780.0MB
Epoch 0: avg_train_loss=nan, acc@5=0.00000, mrr=0.00000

[train-FAISS index built finished  ] -epoch_1 | elapsed time: 116.59359seconds  | CPU Memory usage: 1799.6MB  | GPU memory total/free: 24091.8/19185.6MB | CUDA: allocated/peak: 1670.4/9753.4MB, reserved/peak 2690.0/13780.0MB

[train-Search in faiss ] -epoch_1 | elapsed time: 7.88693seconds  | CPU Memory usage: 1803.8MB  | GPU memory total/free: 24091.8/6725.6MB | CUDA: allocated/peak: 1670.4/9754.5MB, reserved/peak 15150.0/15150.0MB

[train-Data loader loadeed: ] -epoch_1 | elapsed time: 0.07379seconds  | CPU Memory usage: 1803.8MB  | GPU memory total/free: 24091.8/6725.6MB | CUDA: allocated/peak: 1670.4/9754.5MB, reserved/peak 15150.0/15150.0MB

[train-Epoch finished training] -epoch_1 | elapsed time: 433.58165seconds  | CPU Memory usage: 1803.8MB  | GPU memory total/free: 24091.8/6627.6MB | CUDA: allocated/peak: 1670.4/9754.5MB, reserved/peak 15248.0/15248.0MB
Epoch 1: avg_train_loss=nan, acc@5=0.00000, mrr=0.00000

[train-FAISS index built finished  ] -epoch_2 | elapsed time: 117.06878seconds  | CPU Memory usage: 1808.4MB  | GPU memory total/free: 24091.8/19185.6MB | CUDA: allocated/peak: 1670.4/9754.5MB, reserved/peak 2690.0/15248.0MB

[train-Search in faiss ] -epoch_2 | elapsed time: 7.87523seconds  | CPU Memory usage: 1808.4MB  | GPU memory total/free: 24091.8/6725.6MB | CUDA: allocated/peak: 1670.4/9754.5MB, reserved/peak 15150.0/15248.0MB

[train-Data loader loadeed: ] -epoch_2 | elapsed time: 0.09628seconds  | CPU Memory usage: 1808.4MB  | GPU memory total/free: 24091.8/6725.6MB | CUDA: allocated/peak: 1670.4/9754.5MB, reserved/peak 15150.0/15248.0MB

[train-Epoch finished training] -epoch_2 | elapsed time: 433.82002seconds  | CPU Memory usage: 1808.4MB  | GPU memory total/free: 24091.8/6627.6MB | CUDA: allocated/peak: 1670.4/9754.5MB, reserved/peak 15248.0/15248.0MB
Epoch 2: avg_train_loss=nan, acc@5=0.00000, mrr=0.00000

[train-FAISS index built finished  ] -epoch_3 | elapsed time: 117.83726seconds  | CPU Memory usage: 1811.7MB  | GPU memory total/free: 24091.8/19185.6MB | CUDA: allocated/peak: 1670.4/9754.5MB, reserved/peak 2690.0/15248.0MB

[train-Search in faiss ] -epoch_3 | elapsed time: 7.72963seconds  | CPU Memory usage: 1811.1MB  | GPU memory total/free: 24091.8/6725.6MB | CUDA: allocated/peak: 1670.4/9754.5MB, reserved/peak 15150.0/15248.0MB

[train-Data loader loadeed: ] -epoch_3 | elapsed time: 0.10560seconds  | CPU Memory usage: 1811.1MB  | GPU memory total/free: 24091.8/6725.6MB | CUDA: allocated/peak: 1670.4/9754.5MB, reserved/peak 15150.0/15248.0MB

[train-Epoch finished training] -epoch_3 | elapsed time: 432.86477seconds  | CPU Memory usage: 1811.1MB  | GPU memory total/free: 24091.8/6627.6MB | CUDA: allocated/peak: 1670.4/9754.5MB, reserved/peak 15248.0/15248.0MB
Epoch 3: avg_train_loss=nan, acc@5=0.00000, mrr=0.00000

[train-FAISS index built finished  ] -epoch_4 | elapsed time: 119.37915seconds  | CPU Memory usage: 1815.2MB  | GPU memory total/free: 24091.8/19185.6MB | CUDA: allocated/peak: 1670.4/9754.5MB, reserved/peak 2690.0/15248.0MB

[train-Search in faiss ] -epoch_4 | elapsed time: 7.74491seconds  | CPU Memory usage: 1815.0MB  | GPU memory total/free: 24091.8/6725.6MB | CUDA: allocated/peak: 1670.4/9754.5MB, reserved/peak 15150.0/15248.0MB

[train-Data loader loadeed: ] -epoch_4 | elapsed time: 0.10785seconds  | CPU Memory usage: 1815.0MB  | GPU memory total/free: 24091.8/6725.6MB | CUDA: allocated/peak: 1670.4/9754.5MB, reserved/peak 15150.0/15248.0MB

[train-Epoch finished training] -epoch_4 | elapsed time: 433.40176seconds  | CPU Memory usage: 1815.0MB  | GPU memory total/free: 24091.8/6627.6MB | CUDA: allocated/peak: 1670.4/9754.5MB, reserved/peak 15248.0/15248.0MB
Epoch 4: avg_train_loss=nan, acc@5=0.00000, mrr=0.00000

[train-FAISS index built finished  ] -epoch_5 | elapsed time: 116.98735seconds  | CPU Memory usage: 1832.0MB  | GPU memory total/free: 24091.8/19185.6MB | CUDA: allocated/peak: 1670.4/9754.5MB, reserved/peak 2690.0/15248.0MB

[train-Search in faiss ] -epoch_5 | elapsed time: 7.91368seconds  | CPU Memory usage: 1831.6MB  | GPU memory total/free: 24091.8/6725.6MB | CUDA: allocated/peak: 1670.4/9754.5MB, reserved/peak 15150.0/15248.0MB

[train-Data loader loadeed: ] -epoch_5 | elapsed time: 0.10913seconds  | CPU Memory usage: 1831.6MB  | GPU memory total/free: 24091.8/6725.6MB | CUDA: allocated/peak: 1670.4/9754.5MB, reserved/peak 15150.0/15248.0MB

[train-Epoch finished training] -epoch_5 | elapsed time: 433.43309seconds  | CPU Memory usage: 1831.6MB  | GPU memory total/free: 24091.8/6627.6MB | CUDA: allocated/peak: 1670.4/9754.5MB, reserved/peak 15248.0/15248.0MB
Epoch 5: avg_train_loss=nan, acc@5=0.00000, mrr=0.00000

[train-FAISS index built finished  ] -epoch_6 | elapsed time: 124.11690seconds  | CPU Memory usage: 1836.8MB  | GPU memory total/free: 24091.8/19185.6MB | CUDA: allocated/peak: 1670.4/9754.5MB, reserved/peak 2690.0/15248.0MB

[train-Search in faiss ] -epoch_6 | elapsed time: 7.83512seconds  | CPU Memory usage: 1836.4MB  | GPU memory total/free: 24091.8/6725.6MB | CUDA: allocated/peak: 1670.4/9754.5MB, reserved/peak 15150.0/15248.0MB

[train-Data loader loadeed: ] -epoch_6 | elapsed time: 0.13200seconds  | CPU Memory usage: 1778.1MB  | GPU memory total/free: 24091.8/6725.6MB | CUDA: allocated/peak: 1670.4/9754.5MB, reserved/peak 15150.0/15248.0MB

[train-Epoch finished training] -epoch_6 | elapsed time: 433.34429seconds  | CPU Memory usage: 1779.1MB  | GPU memory total/free: 24091.8/6627.6MB | CUDA: allocated/peak: 1670.4/9754.5MB, reserved/peak 15248.0/15248.0MB
Epoch 6: avg_train_loss=nan, acc@5=0.00000, mrr=0.00000

[train-FAISS index built finished  ] -epoch_7 | elapsed time: 116.61290seconds  | CPU Memory usage: 1809.4MB  | GPU memory total/free: 24091.8/19185.6MB | CUDA: allocated/peak: 1670.4/9754.5MB, reserved/peak 2690.0/15248.0MB

[train-Search in faiss ] -epoch_7 | elapsed time: 7.88521seconds  | CPU Memory usage: 1809.4MB  | GPU memory total/free: 24091.8/6725.6MB | CUDA: allocated/peak: 1670.4/9754.5MB, reserved/peak 15150.0/15248.0MB

[train-Data loader loadeed: ] -epoch_7 | elapsed time: 0.10322seconds  | CPU Memory usage: 1809.4MB  | GPU memory total/free: 24091.8/6725.6MB | CUDA: allocated/peak: 1670.4/9754.5MB, reserved/peak 15150.0/15248.0MB

[train-Epoch finished training] -epoch_7 | elapsed time: 432.87746seconds  | CPU Memory usage: 1809.4MB  | GPU memory total/free: 24091.8/6627.6MB | CUDA: allocated/peak: 1670.4/9754.5MB, reserved/peak 15248.0/15248.0MB
Epoch 7: avg_train_loss=nan, acc@5=0.00000, mrr=0.00000

[train-FAISS index built finished  ] -epoch_8 | elapsed time: 115.97296seconds  | CPU Memory usage: 1812.5MB  | GPU memory total/free: 24091.8/19185.6MB | CUDA: allocated/peak: 1670.4/9754.5MB, reserved/peak 2690.0/15248.0MB

[train-Search in faiss ] -epoch_8 | elapsed time: 7.84369seconds  | CPU Memory usage: 1811.7MB  | GPU memory total/free: 24091.8/6725.6MB | CUDA: allocated/peak: 1670.4/9754.5MB, reserved/peak 15150.0/15248.0MB

[train-Data loader loadeed: ] -epoch_8 | elapsed time: 0.11942seconds  | CPU Memory usage: 1811.7MB  | GPU memory total/free: 24091.8/6725.6MB | CUDA: allocated/peak: 1670.4/9754.5MB, reserved/peak 15150.0/15248.0MB

[train-Epoch finished training] -epoch_8 | elapsed time: 432.96023seconds  | CPU Memory usage: 1811.7MB  | GPU memory total/free: 24091.8/6627.6MB | CUDA: allocated/peak: 1670.4/9754.5MB, reserved/peak 15248.0/15248.0MB
Epoch 8: avg_train_loss=nan, acc@5=0.00000, mrr=0.00000

[train-FAISS index built finished  ] -epoch_9 | elapsed time: 116.77104seconds  | CPU Memory usage: 1833.8MB  | GPU memory total/free: 24091.8/19185.6MB | CUDA: allocated/peak: 1670.4/9754.5MB, reserved/peak 2690.0/15248.0MB

[train-Search in faiss ] -epoch_9 | elapsed time: 7.73603seconds  | CPU Memory usage: 1833.0MB  | GPU memory total/free: 24091.8/6725.6MB | CUDA: allocated/peak: 1670.4/9754.5MB, reserved/peak 15150.0/15248.0MB

[train-Data loader loadeed: ] -epoch_9 | elapsed time: 0.12002seconds  | CPU Memory usage: 1833.0MB  | GPU memory total/free: 24091.8/6725.6MB | CUDA: allocated/peak: 1670.4/9754.5MB, reserved/peak 15150.0/15248.0MB

[train-Epoch finished training] -epoch_9 | elapsed time: 432.47477seconds  | CPU Memory usage: 1834.0MB  | GPU memory total/free: 24091.8/6627.6MB | CUDA: allocated/peak: 1670.4/9754.5MB, reserved/peak 15248.0/15248.0MB
Epoch 9: avg_train_loss=nan, acc@5=0.00000, mrr=0.00000
LOGS saved in ./logs/log_2_2025-10-19_21-05-34.log and in global with the name: big_dictionary

[train-Train finished ]  | elapsed time: 6173.20778seconds  | CPU Memory usage: 1784.3MB  | GPU memory total/free: 24091.8/19185.6MB | CUDA: allocated/peak: 1670.4/9754.5MB, reserved/peak 2690.0/15248.0MB
USING IndexHNSWFlat index
Training clusters finsihed 
[Eval] Loss=nan, MRR=0.00086, ACC@10=0.00259
